// Jest Snapshot v1, https://goo.gl/fbAQLP

exports[`Fishy Should render correctly 1`] = `ShallowWrapper {}`;
