// Jest Snapshot v1, https://goo.gl/fbAQLP

exports[`Game Status Should render correctly 1`] = `ShallowWrapper {}`;
