// Jest Snapshot v1, https://goo.gl/fbAQLP

exports[`Draw Fish Should render correctly 1`] = `ShallowWrapper {}`;
